MAPPING: 'IConstPointerToArray_float'
MAPPING: 'IPointerToArray_float'
MAPPING: 'IPointerToArray_float'
MAPPING: 'IPointerToArray_float'
MAPPING: 'IConstPointerToArray_double'
MAPPING: 'IPointerToArray_double'
MAPPING: 'IPointerToArray_double'
MAPPING: 'IPointerToArray_double'
MAPPING: 'IConstPointerToArray_int'
MAPPING: 'IPointerToArray_int'
MAPPING: 'IPointerToArray_int'
MAPPING: 'IPointerToArray_int'
MAPPING: 'IConstPointerToArray_unsigned_char'
MAPPING: 'IPointerToArray_unsigned_char'
MAPPING: 'IPointerToArray_unsigned_char'
MAPPING: 'IPointerToArray_unsigned_char'
MAPPING: 'IPointerToArray_double'
MAPPING: 'IPointerToArray_double'
MAPPING: 'IPointerToArray_double'
MAPPING: 'IPointerToArray_float'
MAPPING: 'IPointerToArray_float'
MAPPING: 'IPointerToArray_float'
MAPPING: 'IPointerToArray_int'
MAPPING: 'IPointerToArray_int'
MAPPING: 'IPointerToArray_int'
MAPPING: 'IPointerToArray_unsigned_char'
MAPPING: 'IPointerToArray_unsigned_char'
MAPPING: 'IPointerToArray_unsigned_char'
MAPPING: 'IConstPointerToArray_LMatrix3d'
MAPPING: 'IPointerToArray_LMatrix3d'
MAPPING: 'IPointerToArray_LMatrix3d'
MAPPING: 'IPointerToArray_LMatrix3d'
MAPPING: 'IConstPointerToArray_LMatrix3f'
MAPPING: 'IPointerToArray_LMatrix3f'
MAPPING: 'IPointerToArray_LMatrix3f'
MAPPING: 'IPointerToArray_LMatrix3f'
MAPPING: 'IConstPointerToArray_LVecBase2d'
MAPPING: 'IPointerToArray_LVecBase2d'
MAPPING: 'IPointerToArray_LVecBase2d'
MAPPING: 'IPointerToArray_LVecBase2d'
MAPPING: 'IConstPointerToArray_LVecBase2f'
MAPPING: 'IPointerToArray_LVecBase2f'
MAPPING: 'IPointerToArray_LVecBase2f'
MAPPING: 'IPointerToArray_LVecBase2f'
MAPPING: 'IConstPointerToArray_LVecBase2i'
MAPPING: 'IPointerToArray_LVecBase2i'
MAPPING: 'IPointerToArray_LVecBase2i'
MAPPING: 'IPointerToArray_LVecBase2i'
MAPPING: 'IConstPointerToArray_LVecBase3d'
MAPPING: 'IPointerToArray_LVecBase3d'
MAPPING: 'IPointerToArray_LVecBase3d'
MAPPING: 'IPointerToArray_LVecBase3d'
MAPPING: 'IConstPointerToArray_LVecBase3f'
MAPPING: 'IPointerToArray_LVecBase3f'
MAPPING: 'IPointerToArray_LVecBase3f'
MAPPING: 'IPointerToArray_LVecBase3f'
MAPPING: 'IConstPointerToArray_LVecBase3i'
MAPPING: 'IPointerToArray_LVecBase3i'
MAPPING: 'IPointerToArray_LVecBase3i'
MAPPING: 'IPointerToArray_LVecBase3i'
MAPPING: 'IConstPointerToArray_UnalignedLMatrix4d'
MAPPING: 'IPointerToArray_UnalignedLMatrix4d'
MAPPING: 'IPointerToArray_UnalignedLMatrix4d'
MAPPING: 'IPointerToArray_UnalignedLMatrix4d'
MAPPING: 'IConstPointerToArray_UnalignedLMatrix4f'
MAPPING: 'IPointerToArray_UnalignedLMatrix4f'
MAPPING: 'IPointerToArray_UnalignedLMatrix4f'
MAPPING: 'IPointerToArray_UnalignedLMatrix4f'
MAPPING: 'IConstPointerToArray_UnalignedLVecBase4d'
MAPPING: 'IPointerToArray_UnalignedLVecBase4d'
MAPPING: 'IPointerToArray_UnalignedLVecBase4d'
MAPPING: 'IPointerToArray_UnalignedLVecBase4d'
MAPPING: 'IConstPointerToArray_UnalignedLVecBase4f'
MAPPING: 'IPointerToArray_UnalignedLVecBase4f'
MAPPING: 'IPointerToArray_UnalignedLVecBase4f'
MAPPING: 'IPointerToArray_UnalignedLVecBase4f'
MAPPING: 'IConstPointerToArray_UnalignedLVecBase4i'
MAPPING: 'IPointerToArray_UnalignedLVecBase4i'
MAPPING: 'IPointerToArray_UnalignedLVecBase4i'
MAPPING: 'IPointerToArray_UnalignedLVecBase4i'
MAPPING: 'IPointerToArray_LMatrix3d'
MAPPING: 'IPointerToArray_LMatrix3d'
MAPPING: 'IPointerToArray_LMatrix3d'
MAPPING: 'IPointerToArray_LMatrix3f'
MAPPING: 'IPointerToArray_LMatrix3f'
MAPPING: 'IPointerToArray_LMatrix3f'
MAPPING: 'IPointerToArray_LVecBase2d'
MAPPING: 'IPointerToArray_LVecBase2d'
MAPPING: 'IPointerToArray_LVecBase2d'
MAPPING: 'IPointerToArray_LVecBase2f'
MAPPING: 'IPointerToArray_LVecBase2f'
MAPPING: 'IPointerToArray_LVecBase2f'
MAPPING: 'IPointerToArray_LVecBase2i'
MAPPING: 'IPointerToArray_LVecBase2i'
MAPPING: 'IPointerToArray_LVecBase2i'
MAPPING: 'IPointerToArray_LVecBase3d'
MAPPING: 'IPointerToArray_LVecBase3d'
MAPPING: 'IPointerToArray_LVecBase3d'
MAPPING: 'IPointerToArray_LVecBase3f'
MAPPING: 'IPointerToArray_LVecBase3f'
MAPPING: 'IPointerToArray_LVecBase3f'
MAPPING: 'IPointerToArray_LVecBase3i'
MAPPING: 'IPointerToArray_LVecBase3i'
MAPPING: 'IPointerToArray_LVecBase3i'
MAPPING: 'IPointerToArray_UnalignedLMatrix4d'
MAPPING: 'IPointerToArray_UnalignedLMatrix4d'
MAPPING: 'IPointerToArray_UnalignedLMatrix4d'
MAPPING: 'IPointerToArray_UnalignedLMatrix4f'
MAPPING: 'IPointerToArray_UnalignedLMatrix4f'
MAPPING: 'IPointerToArray_UnalignedLMatrix4f'
MAPPING: 'IPointerToArray_UnalignedLVecBase4d'
MAPPING: 'IPointerToArray_UnalignedLVecBase4d'
MAPPING: 'IPointerToArray_UnalignedLVecBase4d'
MAPPING: 'IPointerToArray_UnalignedLVecBase4f'
MAPPING: 'IPointerToArray_UnalignedLVecBase4f'
MAPPING: 'IPointerToArray_UnalignedLVecBase4f'
MAPPING: 'IPointerToArray_UnalignedLVecBase4i'
MAPPING: 'IPointerToArray_UnalignedLVecBase4i'
MAPPING: 'IPointerToArray_UnalignedLVecBase4i'
MAPPING: 'IConstPointerToArray_unsigned_short_int'
MAPPING: 'IPointerToArray_unsigned_short_int'
MAPPING: 'IPointerToArray_unsigned_short_int'
MAPPING: 'IPointerToArray_unsigned_short_int'
MAPPING: 'IPointerToArray_unsigned_short_int'
MAPPING: 'IPointerToArray_unsigned_short_int'
MAPPING: 'IPointerToArray_unsigned_short_int'
